// Jest Snapshot v1, https://goo.gl/fbAQLP

exports[`MixedRouteQuoterV1 quotes #quoteExactInput V3 only 0 -> 2 -> 1 1`] = `281463`;

exports[`MixedRouteQuoterV1 quotes #quoteExactInput V3 only 0 -> 2 cross 0 tick, starting tick initialized 1`] = `123765`;

exports[`MixedRouteQuoterV1 quotes #quoteExactInput V3 only 0 -> 2 cross 0 tick, starting tick not initialized 1`] = `104806`;

exports[`MixedRouteQuoterV1 quotes #quoteExactInput V3 only 0 -> 2 cross 1 tick 1`] = `149073`;

exports[`MixedRouteQuoterV1 quotes #quoteExactInput V3 only 0 -> 2 cross 2 tick 1`] = `186670`;

exports[`MixedRouteQuoterV1 quotes #quoteExactInput V3 only 0 -> 2 cross 2 tick where after is initialized 1`] = `149111`;

exports[`MixedRouteQuoterV1 quotes #quoteExactInput V3 only 2 -> 0 cross 0 tick, starting tick initialized 1`] = `97622`;

exports[`MixedRouteQuoterV1 quotes #quoteExactInput V3 only 2 -> 0 cross 0 tick, starting tick not initialized 1`] = `97622`;

exports[`MixedRouteQuoterV1 quotes #quoteExactInput V3 only 2 -> 0 cross 2 1`] = `179482`;

exports[`MixedRouteQuoterV1 quotes #quoteExactInput V3 only 2 -> 0 cross 2 where tick after is initialized 1`] = `179490`;

exports[`MixedRouteQuoterV1 quotes #quoteExactInput V3 only 2 -> 1 1`] = `97297`;

exports[`MixedRouteQuoterV1 quotes #quoteExactInputSingle V3 0 -> 2 1`] = `186652`;

exports[`MixedRouteQuoterV1 quotes #quoteExactInputSingle V3 2 -> 0 1`] = `179454`;
